node_modules/typescript/lib/lib.dom.d.ts(14161,11): error TS2430: Interface 'TextEncoder' incorrectly extends interface 'import("node:util").TextEncoder'.
  The types returned by 'encodeInto(...)' are incompatible between these types.
    Type 'TextEncoderEncodeIntoResult' is not assignable to type 'import("node:util").TextEncoderEncodeIntoResult'.
      Property 'read' is optional in type 'TextEncoderEncodeIntoResult' but required in type 'TextEncoderEncodeIntoResult'.
src/pages/BookingPage.js(135,40): error TS2322: Type '{ className: string; }' is not assignable to type 'IconBaseProps'.
  Property 'className' does not exist on type 'IconBaseProps'.
src/pages/BookingPage.js(165,52): error TS2322: Type '{ className: string; }' is not assignable to type 'IconBaseProps'.
  Property 'className' does not exist on type 'IconBaseProps'.
src/pages/BookingPage.js(177,46): error TS2322: Type '{ className: string; }' is not assignable to type 'IconBaseProps'.
  Property 'className' does not exist on type 'IconBaseProps'.
../node_modules/@types/node/child_process.d.ts(323,9): error TS1165: A computed property name in an ambient context must refer to an expression whose type is a literal type or a 'unique symbol' type.
../node_modules/@types/node/child_process.d.ts(323,17): error TS2339: Property 'dispose' does not exist on type 'SymbolConstructor'.
../node_modules/@types/node/dgram.d.ts(558,9): error TS1165: A computed property name in an ambient context must refer to an expression whose type is a literal type or a 'unique symbol' type.
../node_modules/@types/node/dgram.d.ts(558,17): error TS2339: Property 'asyncDispose' does not exist on type 'SymbolConstructor'.
../node_modules/@types/node/events.d.ts(581,91): error TS2304: Cannot find name 'Disposable'.
../node_modules/@types/node/fs.d.ts(330,9): error TS1165: A computed property name in an ambient context must refer to an expression whose type is a literal type or a 'unique symbol' type.
../node_modules/@types/node/fs.d.ts(330,17): error TS2339: Property 'asyncDispose' does not exist on type 'SymbolConstructor'.
../node_modules/@types/node/fs.d.ts(336,9): error TS1165: A computed property name in an ambient context must refer to an expression whose type is a literal type or a 'unique symbol' type.
../node_modules/@types/node/fs.d.ts(336,17): error TS2339: Property 'dispose' does not exist on type 'SymbolConstructor'.
../node_modules/@types/node/fs.d.ts(657,9): error TS1165: A computed property name in an ambient context must refer to an expression whose type is a literal type or a 'unique symbol' type.
../node_modules/@types/node/fs.d.ts(657,17): error TS2339: Property 'dispose' does not exist on type 'SymbolConstructor'.
../node_modules/@types/node/fs.d.ts(2155,41): error TS2304: Cannot find name 'Disposable'.
../node_modules/@types/node/fs.d.ts(2167,9): error TS1169: A computed property name in an interface must refer to an expression whose type is a literal type or a 'unique symbol' type.
../node_modules/@types/node/fs.d.ts(2167,17): error TS2339: Property 'dispose' does not exist on type 'SymbolConstructor'.
../node_modules/@types/node/fs/promises.d.ts(496,9): error TS1169: A computed property name in an interface must refer to an expression whose type is a literal type or a 'unique symbol' type.
../node_modules/@types/node/fs/promises.d.ts(496,17): error TS2339: Property 'asyncDispose' does not exist on type 'SymbolConstructor'.
../node_modules/@types/node/fs/promises.d.ts(982,41): error TS2304: Cannot find name 'AsyncDisposable'.
../node_modules/@types/node/fs/promises.d.ts(994,9): error TS1169: A computed property name in an interface must refer to an expression whose type is a literal type or a 'unique symbol' type.
../node_modules/@types/node/fs/promises.d.ts(994,17): error TS2339: Property 'asyncDispose' does not exist on type 'SymbolConstructor'.
../node_modules/@types/node/inspector.d.ts(49,66): error TS2304: Cannot find name 'Disposable'.
../node_modules/@types/node/net.d.ts(617,9): error TS1165: A computed property name in an ambient context must refer to an expression whose type is a literal type or a 'unique symbol' type.
../node_modules/@types/node/net.d.ts(617,17): error TS2339: Property 'asyncDispose' does not exist on type 'SymbolConstructor'.
../node_modules/@types/node/perf_hooks.d.ts(461,9): error TS1169: A computed property name in an interface must refer to an expression whose type is a literal type or a 'unique symbol' type.
../node_modules/@types/node/perf_hooks.d.ts(461,17): error TS2339: Property 'dispose' does not exist on type 'SymbolConstructor'.
../node_modules/@types/node/quic.d.ts(427,35): error TS2304: Cannot find name 'AsyncDisposable'.
../node_modules/@types/node/quic.d.ts(494,9): error TS1165: A computed property name in an ambient context must refer to an expression whose type is a literal type or a 'unique symbol' type.
../node_modules/@types/node/quic.d.ts(494,17): error TS2339: Property 'asyncDispose' does not exist on type 'SymbolConstructor'.
../node_modules/@types/node/quic.d.ts(583,34): error TS2304: Cannot find name 'AsyncDisposable'.
../node_modules/@types/node/quic.d.ts(688,9): error TS1165: A computed property name in an ambient context must refer to an expression whose type is a literal type or a 'unique symbol' type.
../node_modules/@types/node/quic.d.ts(688,17): error TS2339: Property 'asyncDispose' does not exist on type 'SymbolConstructor'.
../node_modules/@types/node/readline.d.ts(63,46): error TS2304: Cannot find name 'Disposable'.
../node_modules/@types/node/readline.d.ts(224,9): error TS1165: A computed property name in an ambient context must refer to an expression whose type is a literal type or a 'unique symbol' type.
../node_modules/@types/node/readline.d.ts(224,17): error TS2339: Property 'dispose' does not exist on type 'SymbolConstructor'.
../node_modules/@types/node/sqlite.d.ts(263,35): error TS2304: Cannot find name 'Disposable'.
../node_modules/@types/node/sqlite.d.ts(592,9): error TS1165: A computed property name in an ambient context must refer to an expression whose type is a literal type or a 'unique symbol' type.
../node_modules/@types/node/sqlite.d.ts(592,17): error TS2339: Property 'dispose' does not exist on type 'SymbolConstructor'.
../node_modules/@types/node/sqlite.d.ts(626,9): error TS1169: A computed property name in an interface must refer to an expression whose type is a literal type or a 'unique symbol' type.
../node_modules/@types/node/sqlite.d.ts(626,17): error TS2339: Property 'dispose' does not exist on type 'SymbolConstructor'.
../node_modules/@types/node/stream.d.ts(678,13): error TS1165: A computed property name in an ambient context must refer to an expression whose type is a literal type or a 'unique symbol' type.
../node_modules/@types/node/stream.d.ts(678,21): error TS2339: Property 'asyncDispose' does not exist on type 'SymbolConstructor'.
../node_modules/@types/node/stream.d.ts(1010,13): error TS1165: A computed property name in an ambient context must refer to an expression whose type is a literal type or a 'unique symbol' type.
../node_modules/@types/node/stream.d.ts(1010,21): error TS2339: Property 'asyncDispose' does not exist on type 'SymbolConstructor'.
../node_modules/@types/node/stream.d.ts(1558,17): error TS5084: Tuple members must all have names or all not have names.
../node_modules/@types/node/stream/promises.d.ts(202,13): error TS5084: Tuple members must all have names or all not have names.
../node_modules/@types/node/test.d.ts(2222,13): error TS1169: A computed property name in an interface must refer to an expression whose type is a literal type or a 'unique symbol' type.
../node_modules/@types/node/test.d.ts(2222,21): error TS2339: Property 'dispose' does not exist on type 'SymbolConstructor'.
../node_modules/@types/node/timers.d.ts(34,53): error TS2304: Cannot find name 'Disposable'.
../node_modules/@types/node/timers.d.ts(64,17): error TS1169: A computed property name in an interface must refer to an expression whose type is a literal type or a 'unique symbol' type.
../node_modules/@types/node/timers.d.ts(64,25): error TS2339: Property 'dispose' does not exist on type 'SymbolConstructor'.
../node_modules/@types/node/timers.d.ts(86,51): error TS2304: Cannot find name 'Disposable'.
../node_modules/@types/node/timers.d.ts(144,17): error TS1169: A computed property name in an interface must refer to an expression whose type is a literal type or a 'unique symbol' type.
../node_modules/@types/node/timers.d.ts(144,25): error TS2339: Property 'dispose' does not exist on type 'SymbolConstructor'.
../node_modules/@types/node/ts5.6/index.d.ts(29,21): error TS2726: Cannot find lib definition for 'esnext.disposable'.
../node_modules/@types/node/v8.d.ts(421,9): error TS1169: A computed property name in an interface must refer to an expression whose type is a literal type or a 'unique symbol' type.
../node_modules/@types/node/v8.d.ts(421,17): error TS2339: Property 'dispose' does not exist on type 'SymbolConstructor'.
../node_modules/@types/node/v8.d.ts(437,9): error TS1169: A computed property name in an interface must refer to an expression whose type is a literal type or a 'unique symbol' type.
../node_modules/@types/node/v8.d.ts(437,17): error TS2339: Property 'asyncDispose' does not exist on type 'SymbolConstructor'.
../node_modules/@types/node/v8.d.ts(453,9): error TS1169: A computed property name in an interface must refer to an expression whose type is a literal type or a 'unique symbol' type.
../node_modules/@types/node/v8.d.ts(453,17): error TS2339: Property 'asyncDispose' does not exist on type 'SymbolConstructor'.
../node_modules/@types/node/v8.d.ts(744,9): error TS1165: A computed property name in an ambient context must refer to an expression whose type is a literal type or a 'unique symbol' type.
../node_modules/@types/node/v8.d.ts(744,17): error TS2339: Property 'dispose' does not exist on type 'SymbolConstructor'.
../node_modules/@types/node/web-globals/streams.d.ts(40,9): error TS2502: 'CompressionStream' is referenced directly or indirectly in its own type annotation.
../node_modules/@types/node/web-globals/streams.d.ts(51,9): error TS2502: 'DecompressionStream' is referenced directly or indirectly in its own type annotation.
../node_modules/@types/node/worker_threads.d.ts(394,9): error TS1165: A computed property name in an ambient context must refer to an expression whose type is a literal type or a 'unique symbol' type.
../node_modules/@types/node/worker_threads.d.ts(394,17): error TS2339: Property 'asyncDispose' does not exist on type 'SymbolConstructor'.
../node_modules/framer-motion/dist/types.d-CQ4vRM6h.d.ts(50,16): error TS2503: Cannot find namespace 'React'.
../node_modules/framer-motion/dist/types.d-CQ4vRM6h.d.ts(172,14): error TS2552: Cannot find name 'HTMLWebViewElement'. Did you mean 'HTMLVideoElement'?
../node_modules/framer-motion/dist/types.d-CQ4vRM6h.d.ts(208,45): error TS2503: Cannot find namespace 'React'.
../node_modules/framer-motion/dist/types/index.d.ts(1,23): error TS2688: Cannot find type definition file for 'react'.
../node_modules/framer-motion/dist/types/index.d.ts(250,131): error TS2503: Cannot find namespace 'React'.
../node_modules/framer-motion/dist/types/index.d.ts(303,16): error TS2503: Cannot find namespace 'React'.
../node_modules/framer-motion/dist/types/index.d.ts(1278,47): error TS2503: Cannot find namespace 'React'.
../node_modules/framer-motion/dist/types/index.d.ts(1286,51): error TS2503: Cannot find namespace 'React'.
../node_modules/framer-motion/dist/types/index.d.ts(1286,82): error TS2503: Cannot find namespace 'React'.
../node_modules/react-icons/lib/iconBase.d.ts(19,5): error TS2503: Cannot find namespace 'JSX'.
../node_modules/react-router-dom/dist/index.d.ts(1,69): error TS2307: Cannot find module 'react-router/dom' or its corresponding type declarations.
../node_modules/react-router/dist/development/instrumentation-DvHY1sgY.d.ts(408,5): error TS18028: Private identifiers are only available when targeting ECMAScript 2015 and higher.
